Traceback (most recent call last):
  File "/Users/tclserver/TCL_BRAIN/email_poller_graph.py", line 180, in <module>
    main()
  File "/Users/tclserver/TCL_BRAIN/email_poller_graph.py", line 125, in main
    data = graph_get(url, headers, params=params)
  File "/Users/tclserver/TCL_BRAIN/email_poller_graph.py", line 52, in graph_get
    raise RuntimeError(f"Graph GET failed: {r.status_code} url={url} body={body}")
RuntimeError: Graph GET failed: 503 url=https://graph.microsoft.com/v1.0/users/rcaton@tclpartners.com/mailFolders('Inbox')/messages/delta?$deltatoken=JLQ7x6xEXzzZC9pTM16Y4HQr5gJ0aW8fnVRysLtbbObb59SXOvAKwoMowxcDPNq6PHPmPskTzWTuJyUj4g5Y5mcnLQvmVf7NbPFWdiN69LZyevfeBSCGO8nZa5d8iSSdPtWKXaYXaXvS0tT7W_o6qn-zHNtQWeLPAKyXeNx7N6E-k_Da7wfjD7-AAb83jH6u._Ud3-ijFUmmdviNIFDhYnzmp5Llnemk8TE6f7KenUZA body=Authentication takes longer time than expected
Traceback (most recent call last):
  File "/Users/tclserver/Library/Python/3.9/lib/python/site-packages/urllib3/connectionpool.py", line 534, in _make_request
    response = conn.getresponse()
  File "/Users/tclserver/Library/Python/3.9/lib/python/site-packages/urllib3/connection.py", line 571, in getresponse
    httplib_response = super().getresponse()
  File "/Library/Developer/CommandLineTools/Library/Frameworks/Python3.framework/Versions/3.9/lib/python3.9/http/client.py", line 1349, in getresponse
    response.begin()
  File "/Library/Developer/CommandLineTools/Library/Frameworks/Python3.framework/Versions/3.9/lib/python3.9/http/client.py", line 316, in begin
    version, status, reason = self._read_status()
  File "/Library/Developer/CommandLineTools/Library/Frameworks/Python3.framework/Versions/3.9/lib/python3.9/http/client.py", line 277, in _read_status
    line = str(self.fp.readline(_MAXLINE + 1), "iso-8859-1")
  File "/Library/Developer/CommandLineTools/Library/Frameworks/Python3.framework/Versions/3.9/lib/python3.9/socket.py", line 704, in readinto
    return self._sock.recv_into(b)
  File "/Library/Developer/CommandLineTools/Library/Frameworks/Python3.framework/Versions/3.9/lib/python3.9/ssl.py", line 1241, in recv_into
    return self.read(nbytes, buffer)
  File "/Library/Developer/CommandLineTools/Library/Frameworks/Python3.framework/Versions/3.9/lib/python3.9/ssl.py", line 1099, in read
    return self._sslobj.read(len, buffer)
socket.timeout: The read operation timed out

The above exception was the direct cause of the following exception:

Traceback (most recent call last):
  File "/Users/tclserver/Library/Python/3.9/lib/python/site-packages/requests/adapters.py", line 644, in send
    resp = conn.urlopen(
  File "/Users/tclserver/Library/Python/3.9/lib/python/site-packages/urllib3/connectionpool.py", line 841, in urlopen
    retries = retries.increment(
  File "/Users/tclserver/Library/Python/3.9/lib/python/site-packages/urllib3/util/retry.py", line 474, in increment
    raise reraise(type(error), error, _stacktrace)
  File "/Users/tclserver/Library/Python/3.9/lib/python/site-packages/urllib3/util/util.py", line 39, in reraise
    raise value
  File "/Users/tclserver/Library/Python/3.9/lib/python/site-packages/urllib3/connectionpool.py", line 787, in urlopen
    response = self._make_request(
  File "/Users/tclserver/Library/Python/3.9/lib/python/site-packages/urllib3/connectionpool.py", line 536, in _make_request
    self._raise_timeout(err=e, url=url, timeout_value=read_timeout)
  File "/Users/tclserver/Library/Python/3.9/lib/python/site-packages/urllib3/connectionpool.py", line 367, in _raise_timeout
    raise ReadTimeoutError(
urllib3.exceptions.ReadTimeoutError: HTTPSConnectionPool(host='graph.microsoft.com', port=443): Read timed out. (read timeout=30)

During handling of the above exception, another exception occurred:

Traceback (most recent call last):
  File "/Users/tclserver/TCL_BRAIN/email_poller_graph.py", line 180, in <module>
    main()
  File "/Users/tclserver/TCL_BRAIN/email_poller_graph.py", line 125, in main
    data = graph_get(url, headers, params=params)
  File "/Users/tclserver/TCL_BRAIN/email_poller_graph.py", line 46, in graph_get
    r = requests.get(url, headers=headers, params=params, timeout=30)
  File "/Users/tclserver/Library/Python/3.9/lib/python/site-packages/requests/api.py", line 73, in get
    return request("get", url, params=params, **kwargs)
  File "/Users/tclserver/Library/Python/3.9/lib/python/site-packages/requests/api.py", line 59, in request
    return session.request(method=method, url=url, **kwargs)
  File "/Users/tclserver/Library/Python/3.9/lib/python/site-packages/requests/sessions.py", line 589, in request
    resp = self.send(prep, **send_kwargs)
  File "/Users/tclserver/Library/Python/3.9/lib/python/site-packages/requests/sessions.py", line 703, in send
    r = adapter.send(request, **kwargs)
  File "/Users/tclserver/Library/Python/3.9/lib/python/site-packages/requests/adapters.py", line 690, in send
    raise ReadTimeout(e, request=request)
requests.exceptions.ReadTimeout: HTTPSConnectionPool(host='graph.microsoft.com', port=443): Read timed out. (read timeout=30)
Traceback (most recent call last):
  File "/Users/tclserver/Library/Python/3.9/lib/python/site-packages/urllib3/connectionpool.py", line 534, in _make_request
    response = conn.getresponse()
  File "/Users/tclserver/Library/Python/3.9/lib/python/site-packages/urllib3/connection.py", line 571, in getresponse
    httplib_response = super().getresponse()
  File "/Library/Developer/CommandLineTools/Library/Frameworks/Python3.framework/Versions/3.9/lib/python3.9/http/client.py", line 1349, in getresponse
    response.begin()
  File "/Library/Developer/CommandLineTools/Library/Frameworks/Python3.framework/Versions/3.9/lib/python3.9/http/client.py", line 316, in begin
    version, status, reason = self._read_status()
  File "/Library/Developer/CommandLineTools/Library/Frameworks/Python3.framework/Versions/3.9/lib/python3.9/http/client.py", line 277, in _read_status
    line = str(self.fp.readline(_MAXLINE + 1), "iso-8859-1")
  File "/Library/Developer/CommandLineTools/Library/Frameworks/Python3.framework/Versions/3.9/lib/python3.9/socket.py", line 704, in readinto
    return self._sock.recv_into(b)
  File "/Library/Developer/CommandLineTools/Library/Frameworks/Python3.framework/Versions/3.9/lib/python3.9/ssl.py", line 1241, in recv_into
    return self.read(nbytes, buffer)
  File "/Library/Developer/CommandLineTools/Library/Frameworks/Python3.framework/Versions/3.9/lib/python3.9/ssl.py", line 1099, in read
    return self._sslobj.read(len, buffer)
socket.timeout: The read operation timed out

The above exception was the direct cause of the following exception:

Traceback (most recent call last):
  File "/Users/tclserver/Library/Python/3.9/lib/python/site-packages/requests/adapters.py", line 644, in send
    resp = conn.urlopen(
  File "/Users/tclserver/Library/Python/3.9/lib/python/site-packages/urllib3/connectionpool.py", line 841, in urlopen
    retries = retries.increment(
  File "/Users/tclserver/Library/Python/3.9/lib/python/site-packages/urllib3/util/retry.py", line 474, in increment
    raise reraise(type(error), error, _stacktrace)
  File "/Users/tclserver/Library/Python/3.9/lib/python/site-packages/urllib3/util/util.py", line 39, in reraise
    raise value
  File "/Users/tclserver/Library/Python/3.9/lib/python/site-packages/urllib3/connectionpool.py", line 787, in urlopen
    response = self._make_request(
  File "/Users/tclserver/Library/Python/3.9/lib/python/site-packages/urllib3/connectionpool.py", line 536, in _make_request
    self._raise_timeout(err=e, url=url, timeout_value=read_timeout)
  File "/Users/tclserver/Library/Python/3.9/lib/python/site-packages/urllib3/connectionpool.py", line 367, in _raise_timeout
    raise ReadTimeoutError(
urllib3.exceptions.ReadTimeoutError: HTTPSConnectionPool(host='graph.microsoft.com', port=443): Read timed out. (read timeout=30)

During handling of the above exception, another exception occurred:

Traceback (most recent call last):
  File "/Users/tclserver/TCL_BRAIN/email_poller_graph.py", line 180, in <module>
    main()
  File "/Users/tclserver/TCL_BRAIN/email_poller_graph.py", line 125, in main
    data = graph_get(url, headers, params=params)
  File "/Users/tclserver/TCL_BRAIN/email_poller_graph.py", line 46, in graph_get
    r = requests.get(url, headers=headers, params=params, timeout=30)
  File "/Users/tclserver/Library/Python/3.9/lib/python/site-packages/requests/api.py", line 73, in get
    return request("get", url, params=params, **kwargs)
  File "/Users/tclserver/Library/Python/3.9/lib/python/site-packages/requests/api.py", line 59, in request
    return session.request(method=method, url=url, **kwargs)
  File "/Users/tclserver/Library/Python/3.9/lib/python/site-packages/requests/sessions.py", line 589, in request
    resp = self.send(prep, **send_kwargs)
  File "/Users/tclserver/Library/Python/3.9/lib/python/site-packages/requests/sessions.py", line 703, in send
    r = adapter.send(request, **kwargs)
  File "/Users/tclserver/Library/Python/3.9/lib/python/site-packages/requests/adapters.py", line 690, in send
    raise ReadTimeout(e, request=request)
requests.exceptions.ReadTimeout: HTTPSConnectionPool(host='graph.microsoft.com', port=443): Read timed out. (read timeout=30)
